2025-08-26 10:41:25,399 INFO c.w.w.Application [restartedMain] Starting Application using Java 21.0.8 with PID 128528 (/home/taplamdev/WeTube-service/build/classes/java/main started by taplamdev in /home/taplamdev/WeTube-service)
2025-08-26 10:41:25,408 DEBUG c.w.w.Application [restartedMain] Running with Spring Boot v3.5.4, Spring v6.2.9
2025-08-26 10:41:25,409 INFO c.w.w.Application [restartedMain] No active profile set, falling back to 1 default profile: "default"
2025-08-26 10:41:25,452 INFO o.s.b.d.e.DevToolsPropertyDefaultsPostProcessor [restartedMain] Devtools property defaults active! Set 'spring.devtools.add-properties' to 'false' to disable
2025-08-26 10:41:25,452 INFO o.s.b.d.e.DevToolsPropertyDefaultsPostProcessor [restartedMain] For additional web related logging consider setting the 'logging.level.web' property to 'DEBUG'
2025-08-26 10:41:26,469 INFO o.s.d.r.c.RepositoryConfigurationDelegate [restartedMain] Multiple Spring Data modules found, entering strict repository configuration mode
2025-08-26 10:41:26,471 INFO o.s.d.r.c.RepositoryConfigurationDelegate [restartedMain] Bootstrapping Spring Data JPA repositories in DEFAULT mode.
2025-08-26 10:41:26,651 INFO o.s.d.r.c.RepositoryConfigurationDelegate [restartedMain] Finished Spring Data repository scanning in 171 ms. Found 4 JPA repository interfaces.
2025-08-26 10:41:26,670 INFO o.s.d.r.c.RepositoryConfigurationDelegate [restartedMain] Multiple Spring Data modules found, entering strict repository configuration mode
2025-08-26 10:41:26,671 INFO o.s.d.r.c.RepositoryConfigurationDelegate [restartedMain] Bootstrapping Spring Data Redis repositories in DEFAULT mode.
2025-08-26 10:41:26,696 INFO o.s.d.r.c.RepositoryConfigurationExtensionSupport [restartedMain] Spring Data Redis - Could not safely identify store assignment for repository candidate interface com.wetube.wetube_service.Repository.TagRepository; If you want this repository to be a Redis repository, consider annotating your entities with one of these annotations: org.springframework.data.redis.core.RedisHash (preferred), or consider extending one of the following types with your repository: org.springframework.data.keyvalue.repository.KeyValueRepository
2025-08-26 10:41:26,697 INFO o.s.d.r.c.RepositoryConfigurationExtensionSupport [restartedMain] Spring Data Redis - Could not safely identify store assignment for repository candidate interface com.wetube.wetube_service.Repository.UserRepository; If you want this repository to be a Redis repository, consider annotating your entities with one of these annotations: org.springframework.data.redis.core.RedisHash (preferred), or consider extending one of the following types with your repository: org.springframework.data.keyvalue.repository.KeyValueRepository
2025-08-26 10:41:26,697 INFO o.s.d.r.c.RepositoryConfigurationExtensionSupport [restartedMain] Spring Data Redis - Could not safely identify store assignment for repository candidate interface com.wetube.wetube_service.Repository.VideoRepository; If you want this repository to be a Redis repository, consider annotating your entities with one of these annotations: org.springframework.data.redis.core.RedisHash (preferred), or consider extending one of the following types with your repository: org.springframework.data.keyvalue.repository.KeyValueRepository
2025-08-26 10:41:26,698 INFO o.s.d.r.c.RepositoryConfigurationExtensionSupport [restartedMain] Spring Data Redis - Could not safely identify store assignment for repository candidate interface com.wetube.wetube_service.Repository.VideoTagRepository; If you want this repository to be a Redis repository, consider annotating your entities with one of these annotations: org.springframework.data.redis.core.RedisHash (preferred), or consider extending one of the following types with your repository: org.springframework.data.keyvalue.repository.KeyValueRepository
2025-08-26 10:41:26,698 INFO o.s.d.r.c.RepositoryConfigurationDelegate [restartedMain] Finished Spring Data repository scanning in 18 ms. Found 0 Redis repository interfaces.
2025-08-26 10:41:27,295 INFO o.s.b.w.e.t.TomcatWebServer [restartedMain] Tomcat initialized with port 8080 (http)
2025-08-26 10:41:27,309 INFO o.a.c.h.Http11NioProtocol [restartedMain] Initializing ProtocolHandler ["http-nio-8080"]
2025-08-26 10:41:27,311 INFO o.a.c.c.StandardService [restartedMain] Starting service [Tomcat]
2025-08-26 10:41:27,311 INFO o.a.c.c.StandardEngine [restartedMain] Starting Servlet engine: [Apache Tomcat/10.1.43]
2025-08-26 10:41:27,341 INFO o.a.c.c.C.[.[.[/] [restartedMain] Initializing Spring embedded WebApplicationContext
2025-08-26 10:41:27,342 INFO o.s.b.w.s.c.ServletWebServerApplicationContext [restartedMain] Root WebApplicationContext: initialization completed in 1888 ms
2025-08-26 10:41:27,512 DEBUG c.w.w.s.JwtAuthenticationFilter [restartedMain] Filter 'jwtAuthenticationFilter' configured for use
2025-08-26 10:41:27,669 INFO o.h.j.i.u.LogHelper [restartedMain] HHH000204: Processing PersistenceUnitInfo [name: default]
2025-08-26 10:41:27,703 INFO o.h.Version [restartedMain] HHH000412: Hibernate ORM core version 6.6.22.Final
2025-08-26 10:41:27,740 INFO o.h.c.i.RegionFactoryInitiator [restartedMain] HHH000026: Second-level cache disabled
2025-08-26 10:41:27,964 INFO o.s.o.j.p.SpringPersistenceUnitInfo [restartedMain] No LoadTimeWeaver setup: ignoring JPA class transformer
2025-08-26 10:41:28,000 INFO c.z.h.HikariDataSource [restartedMain] HikariPool-1 - Starting...
2025-08-26 10:41:30,176 INFO c.z.h.p.HikariPool [restartedMain] HikariPool-1 - Added connection com.mysql.cj.jdbc.ConnectionImpl@27f5735c
2025-08-26 10:41:30,177 INFO c.z.h.HikariDataSource [restartedMain] HikariPool-1 - Start completed.
2025-08-26 10:41:30,686 WARN o.h.o.deprecation [restartedMain] HHH90000025: MySQLDialect does not need to be specified explicitly using 'hibernate.dialect' (remove the property setting and it will be selected by default)
2025-08-26 10:41:30,699 INFO o.h.o.c.pooling [restartedMain] HHH10001005: Database info:
	Database JDBC URL [Connecting through datasource 'HikariDataSource (HikariPool-1)']
	Database driver: undefined/unknown
	Database version: 8.0.35
	Autocommit mode: undefined/unknown
	Isolation level: undefined/unknown
	Minimum pool size: undefined/unknown
	Maximum pool size: undefined/unknown
2025-08-26 10:41:31,421 INFO o.h.e.t.j.p.i.JtaPlatformInitiator [restartedMain] HHH000489: No JTA platform available (set 'hibernate.transaction.jta.platform' to enable JTA platform integration)
2025-08-26 10:41:31,937 DEBUG o.h.SQL [restartedMain] alter table channels modify column id VARCHAR(36) not null
2025-08-26 10:41:33,508 INFO o.s.o.j.LocalContainerEntityManagerFactoryBean [restartedMain] Initialized JPA EntityManagerFactory for persistence unit 'default'
2025-08-26 10:41:33,813 INFO o.s.d.j.r.q.QueryEnhancerFactory [restartedMain] Hibernate is in classpath; If applicable, HQL parser will be used.
2025-08-26 10:41:34,930 WARN o.s.b.a.o.j.JpaBaseConfiguration$JpaWebConfiguration [restartedMain] spring.jpa.open-in-view is enabled by default. Therefore, database queries may be performed during view rendering. Explicitly configure spring.jpa.open-in-view to disable this warning
2025-08-26 10:41:35,300 INFO o.s.b.a.e.w.EndpointLinksResolver [restartedMain] Exposing 1 endpoint beneath base path '/actuator'
2025-08-26 10:41:35,346 WARN o.s.b.a.s.s.UserDetailsServiceAutoConfiguration [restartedMain] 

Using generated security password: 064622b8-d755-46f2-a80a-bcf7aa053d4a

This generated password is for development use only. Your security configuration must be updated before running your application in production.

2025-08-26 10:41:35,354 INFO o.s.s.c.a.a.c.InitializeUserDetailsBeanManagerConfigurer$InitializeUserDetailsManagerConfigurer [restartedMain] Global AuthenticationManager configured with UserDetailsService bean with name inMemoryUserDetailsManager
2025-08-26 10:41:35,841 INFO o.s.b.d.a.OptionalLiveReloadServer [restartedMain] LiveReload server is running on port 35729
2025-08-26 10:41:35,887 INFO o.a.c.h.Http11NioProtocol [restartedMain] Starting ProtocolHandler ["http-nio-8080"]
2025-08-26 10:41:35,897 INFO o.s.b.w.e.t.TomcatWebServer [restartedMain] Tomcat started on port 8080 (http) with context path '/'
2025-08-26 10:41:35,912 INFO c.w.w.Application [restartedMain] Started Application in 10.933 seconds (process running for 11.463)
2025-08-26 10:41:35,985 INFO c.w.w.Application [restartedMain] SpringApplication.run() method has completed.
2025-08-26 10:43:23,125 INFO o.a.c.c.C.[.[.[/] [http-nio-8080-exec-2] Initializing Spring DispatcherServlet 'dispatcherServlet'
2025-08-26 10:43:23,125 INFO o.s.w.s.DispatcherServlet [http-nio-8080-exec-2] Initializing Servlet 'dispatcherServlet'
2025-08-26 10:43:23,127 INFO o.s.w.s.DispatcherServlet [http-nio-8080-exec-2] Completed initialization in 1 ms
2025-08-26 10:43:23,841 DEBUG o.h.SQL [http-nio-8080-exec-2] select au1_0.id,au1_0.avatar_url,au1_0.clerk_id,au1_0.created_at,au1_0.email,au1_0.name,au1_0.updated_at from users au1_0 where au1_0.clerk_id=?
2025-08-26 10:43:23,994 DEBUG o.h.SQL [http-nio-8080-exec-2] insert into users (avatar_url,clerk_id,created_at,email,name,updated_at,id) values (?,?,?,?,?,?,?)
2025-08-26 10:44:28,868 DEBUG o.h.SQL [http-nio-8080-exec-3] insert into videos (created_at,thumbnail_url,title,updated_at,users_id,version,video_url,videos_status,id) values (?,?,?,?,?,?,?,?,?)
2025-08-26 10:44:29,215 WARN o.h.e.j.s.SqlExceptionHelper [http-nio-8080-exec-3] SQL Error: 1366, SQLState: HY000
2025-08-26 10:44:29,216 ERROR o.h.e.j.s.SqlExceptionHelper [http-nio-8080-exec-3] Incorrect string value: '\xA8R-\xA6N7...' for column 'id' at row 1
2025-08-26 10:48:42,009 DEBUG o.h.SQL [http-nio-8080-exec-2] insert into videos (created_at,thumbnail_url,title,updated_at,users_id,version,video_url,videos_status,id) values (?,?,?,?,?,?,?,?,?)
2025-08-26 10:48:42,217 WARN o.h.e.j.s.SqlExceptionHelper [http-nio-8080-exec-2] SQL Error: 1366, SQLState: HY000
2025-08-26 10:48:42,217 ERROR o.h.e.j.s.SqlExceptionHelper [http-nio-8080-exec-2] Incorrect string value: '\xA7f\xB5f\xD2F...' for column 'id' at row 1
2025-08-26 10:54:19,737 INFO o.s.b.w.e.t.GracefulShutdown [SpringApplicationShutdownHook] Commencing graceful shutdown. Waiting for active requests to complete
2025-08-26 10:54:19,739 INFO o.s.b.w.e.t.GracefulShutdown [tomcat-shutdown] Graceful shutdown complete
2025-08-26 10:54:19,766 INFO o.s.o.j.LocalContainerEntityManagerFactoryBean [SpringApplicationShutdownHook] Closing JPA EntityManagerFactory for persistence unit 'default'
2025-08-26 10:54:19,771 INFO c.z.h.HikariDataSource [SpringApplicationShutdownHook] HikariPool-1 - Shutdown initiated...
2025-08-26 10:54:19,983 INFO c.z.h.HikariDataSource [SpringApplicationShutdownHook] HikariPool-1 - Shutdown completed.
2025-08-26 10:54:25,967 INFO c.w.w.Application [restartedMain] Starting Application using Java 21.0.8 with PID 141689 (/home/taplamdev/WeTube-service/build/classes/java/main started by taplamdev in /home/taplamdev/WeTube-service)
2025-08-26 10:54:25,972 DEBUG c.w.w.Application [restartedMain] Running with Spring Boot v3.5.4, Spring v6.2.9
2025-08-26 10:54:25,973 INFO c.w.w.Application [restartedMain] No active profile set, falling back to 1 default profile: "default"
2025-08-26 10:54:26,015 INFO o.s.b.d.e.DevToolsPropertyDefaultsPostProcessor [restartedMain] Devtools property defaults active! Set 'spring.devtools.add-properties' to 'false' to disable
2025-08-26 10:54:26,016 INFO o.s.b.d.e.DevToolsPropertyDefaultsPostProcessor [restartedMain] For additional web related logging consider setting the 'logging.level.web' property to 'DEBUG'
2025-08-26 10:54:27,193 INFO o.s.d.r.c.RepositoryConfigurationDelegate [restartedMain] Multiple Spring Data modules found, entering strict repository configuration mode
2025-08-26 10:54:27,195 INFO o.s.d.r.c.RepositoryConfigurationDelegate [restartedMain] Bootstrapping Spring Data JPA repositories in DEFAULT mode.
2025-08-26 10:54:27,339 INFO o.s.d.r.c.RepositoryConfigurationDelegate [restartedMain] Finished Spring Data repository scanning in 136 ms. Found 4 JPA repository interfaces.
2025-08-26 10:54:27,351 INFO o.s.d.r.c.RepositoryConfigurationDelegate [restartedMain] Multiple Spring Data modules found, entering strict repository configuration mode
2025-08-26 10:54:27,353 INFO o.s.d.r.c.RepositoryConfigurationDelegate [restartedMain] Bootstrapping Spring Data Redis repositories in DEFAULT mode.
2025-08-26 10:54:27,367 INFO o.s.d.r.c.RepositoryConfigurationExtensionSupport [restartedMain] Spring Data Redis - Could not safely identify store assignment for repository candidate interface com.wetube.wetube_service.Repository.TagRepository; If you want this repository to be a Redis repository, consider annotating your entities with one of these annotations: org.springframework.data.redis.core.RedisHash (preferred), or consider extending one of the following types with your repository: org.springframework.data.keyvalue.repository.KeyValueRepository
2025-08-26 10:54:27,367 INFO o.s.d.r.c.RepositoryConfigurationExtensionSupport [restartedMain] Spring Data Redis - Could not safely identify store assignment for repository candidate interface com.wetube.wetube_service.Repository.UserRepository; If you want this repository to be a Redis repository, consider annotating your entities with one of these annotations: org.springframework.data.redis.core.RedisHash (preferred), or consider extending one of the following types with your repository: org.springframework.data.keyvalue.repository.KeyValueRepository
2025-08-26 10:54:27,368 INFO o.s.d.r.c.RepositoryConfigurationExtensionSupport [restartedMain] Spring Data Redis - Could not safely identify store assignment for repository candidate interface com.wetube.wetube_service.Repository.VideoRepository; If you want this repository to be a Redis repository, consider annotating your entities with one of these annotations: org.springframework.data.redis.core.RedisHash (preferred), or consider extending one of the following types with your repository: org.springframework.data.keyvalue.repository.KeyValueRepository
2025-08-26 10:54:27,368 INFO o.s.d.r.c.RepositoryConfigurationExtensionSupport [restartedMain] Spring Data Redis - Could not safely identify store assignment for repository candidate interface com.wetube.wetube_service.Repository.VideoTagRepository; If you want this repository to be a Redis repository, consider annotating your entities with one of these annotations: org.springframework.data.redis.core.RedisHash (preferred), or consider extending one of the following types with your repository: org.springframework.data.keyvalue.repository.KeyValueRepository
2025-08-26 10:54:27,368 INFO o.s.d.r.c.RepositoryConfigurationDelegate [restartedMain] Finished Spring Data repository scanning in 7 ms. Found 0 Redis repository interfaces.
2025-08-26 10:54:28,010 INFO o.s.b.w.e.t.TomcatWebServer [restartedMain] Tomcat initialized with port 8080 (http)
2025-08-26 10:54:28,022 INFO o.a.c.h.Http11NioProtocol [restartedMain] Initializing ProtocolHandler ["http-nio-8080"]
2025-08-26 10:54:28,025 INFO o.a.c.c.StandardService [restartedMain] Starting service [Tomcat]
2025-08-26 10:54:28,025 INFO o.a.c.c.StandardEngine [restartedMain] Starting Servlet engine: [Apache Tomcat/10.1.43]
2025-08-26 10:54:28,058 INFO o.a.c.c.C.[.[.[/] [restartedMain] Initializing Spring embedded WebApplicationContext
2025-08-26 10:54:28,061 INFO o.s.b.w.s.c.ServletWebServerApplicationContext [restartedMain] Root WebApplicationContext: initialization completed in 2042 ms
2025-08-26 10:54:28,271 DEBUG c.w.w.s.JwtAuthenticationFilter [restartedMain] Filter 'jwtAuthenticationFilter' configured for use
2025-08-26 10:54:28,430 INFO o.h.j.i.u.LogHelper [restartedMain] HHH000204: Processing PersistenceUnitInfo [name: default]
2025-08-26 10:54:28,505 INFO o.h.Version [restartedMain] HHH000412: Hibernate ORM core version 6.6.22.Final
2025-08-26 10:54:28,543 INFO o.h.c.i.RegionFactoryInitiator [restartedMain] HHH000026: Second-level cache disabled
2025-08-26 10:54:28,867 INFO o.s.o.j.p.SpringPersistenceUnitInfo [restartedMain] No LoadTimeWeaver setup: ignoring JPA class transformer
2025-08-26 10:54:28,900 INFO c.z.h.HikariDataSource [restartedMain] HikariPool-1 - Starting...
2025-08-26 10:54:30,003 INFO c.z.h.p.HikariPool [restartedMain] HikariPool-1 - Added connection com.mysql.cj.jdbc.ConnectionImpl@5efc3820
2025-08-26 10:54:30,004 INFO c.z.h.HikariDataSource [restartedMain] HikariPool-1 - Start completed.
2025-08-26 10:54:30,341 WARN o.h.o.deprecation [restartedMain] HHH90000025: MySQLDialect does not need to be specified explicitly using 'hibernate.dialect' (remove the property setting and it will be selected by default)
2025-08-26 10:54:30,365 INFO o.h.o.c.pooling [restartedMain] HHH10001005: Database info:
	Database JDBC URL [Connecting through datasource 'HikariDataSource (HikariPool-1)']
	Database driver: undefined/unknown
	Database version: 8.0.35
	Autocommit mode: undefined/unknown
	Isolation level: undefined/unknown
	Minimum pool size: undefined/unknown
	Maximum pool size: undefined/unknown
2025-08-26 10:54:31,244 INFO o.h.e.t.j.p.i.JtaPlatformInitiator [restartedMain] HHH000489: No JTA platform available (set 'hibernate.transaction.jta.platform' to enable JTA platform integration)
2025-08-26 10:54:31,723 DEBUG o.h.SQL [restartedMain] alter table channels modify column id VARCHAR(36) not null
2025-08-26 10:54:31,978 DEBUG o.h.SQL [restartedMain] create table tags (id CHAR(16) not null, count integer, created_at datetime(6), name varchar(64) not null, primary key (id)) engine=InnoDB
2025-08-26 10:54:32,221 DEBUG o.h.SQL [restartedMain] create table video_tags (id CHAR(16) not null, tag_id CHAR(16) not null, video_id CHAR(16) not null, primary key (id)) engine=InnoDB
2025-08-26 10:54:32,474 DEBUG o.h.SQL [restartedMain] create table videos (id CHAR(16) not null, created_at datetime(6), thumbnail_url varchar(255), title varchar(255) not null, updated_at datetime(6), users_id varchar(255), version bigint, video_url varchar(255), videos_status varchar(255), primary key (id)) engine=InnoDB
2025-08-26 10:54:32,724 DEBUG o.h.SQL [restartedMain] alter table tags drop index uk_tag_name
2025-08-26 10:54:33,222 DEBUG o.h.SQL [restartedMain] alter table tags add constraint uk_tag_name unique (name)
2025-08-26 10:54:33,479 DEBUG o.h.SQL [restartedMain] alter table video_tags drop index uk_video_tag
2025-08-26 10:54:33,731 DEBUG o.h.SQL [restartedMain] alter table video_tags add constraint uk_video_tag unique (video_id, tag_id)
2025-08-26 10:54:33,986 DEBUG o.h.SQL [restartedMain] alter table video_tags add constraint FKqfnpe46owtsy6c6t5my7exjmq foreign key (tag_id) references tags (id)
2025-08-26 10:54:34,240 DEBUG o.h.SQL [restartedMain] alter table video_tags add constraint FKpr6ks7ia3ilx9ec2mmwb82lb6 foreign key (video_id) references videos (id)
2025-08-26 10:54:34,534 INFO o.s.o.j.LocalContainerEntityManagerFactoryBean [restartedMain] Initialized JPA EntityManagerFactory for persistence unit 'default'
2025-08-26 10:54:34,860 INFO o.s.d.j.r.q.QueryEnhancerFactory [restartedMain] Hibernate is in classpath; If applicable, HQL parser will be used.
2025-08-26 10:54:35,986 WARN o.s.b.a.o.j.JpaBaseConfiguration$JpaWebConfiguration [restartedMain] spring.jpa.open-in-view is enabled by default. Therefore, database queries may be performed during view rendering. Explicitly configure spring.jpa.open-in-view to disable this warning
2025-08-26 10:54:36,280 INFO o.s.b.a.e.w.EndpointLinksResolver [restartedMain] Exposing 1 endpoint beneath base path '/actuator'
2025-08-26 10:54:36,325 WARN o.s.b.a.s.s.UserDetailsServiceAutoConfiguration [restartedMain] 

Using generated security password: 39a33a33-1387-43bc-b75a-be8230235400

This generated password is for development use only. Your security configuration must be updated before running your application in production.

2025-08-26 10:54:36,333 INFO o.s.s.c.a.a.c.InitializeUserDetailsBeanManagerConfigurer$InitializeUserDetailsManagerConfigurer [restartedMain] Global AuthenticationManager configured with UserDetailsService bean with name inMemoryUserDetailsManager
2025-08-26 10:54:36,818 INFO o.s.b.d.a.OptionalLiveReloadServer [restartedMain] LiveReload server is running on port 35729
2025-08-26 10:54:36,982 INFO o.a.c.h.Http11NioProtocol [restartedMain] Starting ProtocolHandler ["http-nio-8080"]
2025-08-26 10:54:36,998 INFO o.s.b.w.e.t.TomcatWebServer [restartedMain] Tomcat started on port 8080 (http) with context path '/'
2025-08-26 10:54:37,019 INFO c.w.w.Application [restartedMain] Started Application in 11.504 seconds (process running for 12.35)
2025-08-26 10:54:37,113 INFO c.w.w.Application [restartedMain] SpringApplication.run() method has completed.
2025-08-26 10:55:04,275 INFO o.a.c.c.C.[.[.[/] [http-nio-8080-exec-2] Initializing Spring DispatcherServlet 'dispatcherServlet'
2025-08-26 10:55:04,276 INFO o.s.w.s.DispatcherServlet [http-nio-8080-exec-2] Initializing Servlet 'dispatcherServlet'
2025-08-26 10:55:04,278 INFO o.s.w.s.DispatcherServlet [http-nio-8080-exec-2] Completed initialization in 2 ms
2025-08-26 10:55:56,414 DEBUG o.h.SQL [http-nio-8080-exec-3] insert into videos (created_at,thumbnail_url,title,updated_at,users_id,version,video_url,videos_status,id) values (?,?,?,?,?,?,?,?,?)
2025-08-26 10:55:56,495 WARN o.h.e.j.s.SqlExceptionHelper [http-nio-8080-exec-3] SQL Error: 1366, SQLState: HY000
2025-08-26 10:55:56,495 ERROR o.h.e.j.s.SqlExceptionHelper [http-nio-8080-exec-3] Incorrect string value: '\xFA\xEA\x10\x8E\xE3\xAD...' for column 'id' at row 1
2025-08-26 10:56:36,402 DEBUG o.h.SQL [http-nio-8080-exec-5] insert into videos (created_at,thumbnail_url,title,updated_at,users_id,version,video_url,videos_status,id) values (?,?,?,?,?,?,?,?,?)
2025-08-26 10:56:36,474 WARN o.h.e.j.s.SqlExceptionHelper [http-nio-8080-exec-5] SQL Error: 1366, SQLState: HY000
2025-08-26 10:56:36,474 ERROR o.h.e.j.s.SqlExceptionHelper [http-nio-8080-exec-5] Incorrect string value: '\x90\x8DD\xC6\x95\xAF...' for column 'id' at row 1
2025-08-26 10:57:00,409 DEBUG o.h.SQL [http-nio-8080-exec-7] insert into videos (created_at,thumbnail_url,title,updated_at,users_id,version,video_url,videos_status,id) values (?,?,?,?,?,?,?,?,?)
2025-08-26 10:57:00,799 WARN o.h.e.j.s.SqlExceptionHelper [http-nio-8080-exec-7] SQL Error: 1366, SQLState: HY000
2025-08-26 10:57:00,799 ERROR o.h.e.j.s.SqlExceptionHelper [http-nio-8080-exec-7] Incorrect string value: '\xF0D\xBE\x97\x13\xE4...' for column 'id' at row 1
2025-08-26 11:04:03,659 INFO o.s.b.w.e.t.GracefulShutdown [SpringApplicationShutdownHook] Commencing graceful shutdown. Waiting for active requests to complete
2025-08-26 11:04:03,664 INFO o.s.b.w.e.t.GracefulShutdown [tomcat-shutdown] Graceful shutdown complete
2025-08-26 11:04:03,725 INFO o.s.o.j.LocalContainerEntityManagerFactoryBean [SpringApplicationShutdownHook] Closing JPA EntityManagerFactory for persistence unit 'default'
2025-08-26 11:04:03,730 INFO c.z.h.HikariDataSource [SpringApplicationShutdownHook] HikariPool-1 - Shutdown initiated...
2025-08-26 11:04:03,815 INFO c.z.h.HikariDataSource [SpringApplicationShutdownHook] HikariPool-1 - Shutdown completed.
2025-08-26 11:04:08,967 INFO c.w.w.Application [restartedMain] Starting Application using Java 21.0.8 with PID 151006 (/home/taplamdev/WeTube-service/build/classes/java/main started by taplamdev in /home/taplamdev/WeTube-service)
2025-08-26 11:04:08,975 DEBUG c.w.w.Application [restartedMain] Running with Spring Boot v3.5.4, Spring v6.2.9
2025-08-26 11:04:08,977 INFO c.w.w.Application [restartedMain] No active profile set, falling back to 1 default profile: "default"
2025-08-26 11:04:09,017 INFO o.s.b.d.e.DevToolsPropertyDefaultsPostProcessor [restartedMain] Devtools property defaults active! Set 'spring.devtools.add-properties' to 'false' to disable
2025-08-26 11:04:09,018 INFO o.s.b.d.e.DevToolsPropertyDefaultsPostProcessor [restartedMain] For additional web related logging consider setting the 'logging.level.web' property to 'DEBUG'
2025-08-26 11:04:10,126 INFO o.s.d.r.c.RepositoryConfigurationDelegate [restartedMain] Multiple Spring Data modules found, entering strict repository configuration mode
2025-08-26 11:04:10,128 INFO o.s.d.r.c.RepositoryConfigurationDelegate [restartedMain] Bootstrapping Spring Data JPA repositories in DEFAULT mode.
2025-08-26 11:04:10,303 INFO o.s.d.r.c.RepositoryConfigurationDelegate [restartedMain] Finished Spring Data repository scanning in 166 ms. Found 4 JPA repository interfaces.
2025-08-26 11:04:10,316 INFO o.s.d.r.c.RepositoryConfigurationDelegate [restartedMain] Multiple Spring Data modules found, entering strict repository configuration mode
2025-08-26 11:04:10,317 INFO o.s.d.r.c.RepositoryConfigurationDelegate [restartedMain] Bootstrapping Spring Data Redis repositories in DEFAULT mode.
2025-08-26 11:04:10,333 INFO o.s.d.r.c.RepositoryConfigurationExtensionSupport [restartedMain] Spring Data Redis - Could not safely identify store assignment for repository candidate interface com.wetube.wetube_service.Repository.TagRepository; If you want this repository to be a Redis repository, consider annotating your entities with one of these annotations: org.springframework.data.redis.core.RedisHash (preferred), or consider extending one of the following types with your repository: org.springframework.data.keyvalue.repository.KeyValueRepository
2025-08-26 11:04:10,334 INFO o.s.d.r.c.RepositoryConfigurationExtensionSupport [restartedMain] Spring Data Redis - Could not safely identify store assignment for repository candidate interface com.wetube.wetube_service.Repository.UserRepository; If you want this repository to be a Redis repository, consider annotating your entities with one of these annotations: org.springframework.data.redis.core.RedisHash (preferred), or consider extending one of the following types with your repository: org.springframework.data.keyvalue.repository.KeyValueRepository
2025-08-26 11:04:10,334 INFO o.s.d.r.c.RepositoryConfigurationExtensionSupport [restartedMain] Spring Data Redis - Could not safely identify store assignment for repository candidate interface com.wetube.wetube_service.Repository.VideoRepository; If you want this repository to be a Redis repository, consider annotating your entities with one of these annotations: org.springframework.data.redis.core.RedisHash (preferred), or consider extending one of the following types with your repository: org.springframework.data.keyvalue.repository.KeyValueRepository
2025-08-26 11:04:10,335 INFO o.s.d.r.c.RepositoryConfigurationExtensionSupport [restartedMain] Spring Data Redis - Could not safely identify store assignment for repository candidate interface com.wetube.wetube_service.Repository.VideoTagRepository; If you want this repository to be a Redis repository, consider annotating your entities with one of these annotations: org.springframework.data.redis.core.RedisHash (preferred), or consider extending one of the following types with your repository: org.springframework.data.keyvalue.repository.KeyValueRepository
2025-08-26 11:04:10,335 INFO o.s.d.r.c.RepositoryConfigurationDelegate [restartedMain] Finished Spring Data repository scanning in 8 ms. Found 0 Redis repository interfaces.
2025-08-26 11:04:11,095 INFO o.s.b.w.e.t.TomcatWebServer [restartedMain] Tomcat initialized with port 8080 (http)
2025-08-26 11:04:11,108 INFO o.a.c.h.Http11NioProtocol [restartedMain] Initializing ProtocolHandler ["http-nio-8080"]
2025-08-26 11:04:11,110 INFO o.a.c.c.StandardService [restartedMain] Starting service [Tomcat]
2025-08-26 11:04:11,111 INFO o.a.c.c.StandardEngine [restartedMain] Starting Servlet engine: [Apache Tomcat/10.1.43]
2025-08-26 11:04:11,142 INFO o.a.c.c.C.[.[.[/] [restartedMain] Initializing Spring embedded WebApplicationContext
2025-08-26 11:04:11,143 INFO o.s.b.w.s.c.ServletWebServerApplicationContext [restartedMain] Root WebApplicationContext: initialization completed in 2124 ms
2025-08-26 11:04:11,355 DEBUG c.w.w.s.JwtAuthenticationFilter [restartedMain] Filter 'jwtAuthenticationFilter' configured for use
2025-08-26 11:04:11,490 INFO o.h.j.i.u.LogHelper [restartedMain] HHH000204: Processing PersistenceUnitInfo [name: default]
2025-08-26 11:04:11,579 INFO o.h.Version [restartedMain] HHH000412: Hibernate ORM core version 6.6.22.Final
2025-08-26 11:04:11,638 INFO o.h.c.i.RegionFactoryInitiator [restartedMain] HHH000026: Second-level cache disabled
2025-08-26 11:04:11,939 INFO o.s.o.j.p.SpringPersistenceUnitInfo [restartedMain] No LoadTimeWeaver setup: ignoring JPA class transformer
2025-08-26 11:04:11,979 INFO c.z.h.HikariDataSource [restartedMain] HikariPool-1 - Starting...
2025-08-26 11:04:13,668 INFO c.z.h.p.HikariPool [restartedMain] HikariPool-1 - Added connection com.mysql.cj.jdbc.ConnectionImpl@5efc3820
2025-08-26 11:04:13,669 INFO c.z.h.HikariDataSource [restartedMain] HikariPool-1 - Start completed.
2025-08-26 11:04:14,124 WARN o.h.o.deprecation [restartedMain] HHH90000025: MySQLDialect does not need to be specified explicitly using 'hibernate.dialect' (remove the property setting and it will be selected by default)
2025-08-26 11:04:14,136 INFO o.h.o.c.pooling [restartedMain] HHH10001005: Database info:
	Database JDBC URL [Connecting through datasource 'HikariDataSource (HikariPool-1)']
	Database driver: undefined/unknown
	Database version: 8.0.35
	Autocommit mode: undefined/unknown
	Isolation level: undefined/unknown
	Minimum pool size: undefined/unknown
	Maximum pool size: undefined/unknown
2025-08-26 11:04:14,910 INFO o.h.e.t.j.p.i.JtaPlatformInitiator [restartedMain] HHH000489: No JTA platform available (set 'hibernate.transaction.jta.platform' to enable JTA platform integration)
2025-08-26 11:04:15,168 DEBUG o.h.SQL [restartedMain] alter table channels modify column id VARCHAR(36) not null
2025-08-26 11:04:15,325 DEBUG o.h.SQL [restartedMain] create table tags (id binary(36) not null, count integer, created_at datetime(6), name varchar(64) not null, primary key (id)) engine=InnoDB
2025-08-26 11:04:15,477 DEBUG o.h.SQL [restartedMain] create table video_tags (id CHAR(16) not null, tag_id binary(36) not null, video_id binary(36) not null, primary key (id)) engine=InnoDB
2025-08-26 11:04:15,626 DEBUG o.h.SQL [restartedMain] create table videos (id binary(36) not null, created_at datetime(6), thumbnail_url varchar(255), title varchar(255) not null, updated_at datetime(6), users_id varchar(255), version bigint, video_url varchar(255), videos_status varchar(255), primary key (id)) engine=InnoDB
2025-08-26 11:04:15,782 DEBUG o.h.SQL [restartedMain] alter table tags drop index uk_tag_name
2025-08-26 11:04:16,192 DEBUG o.h.SQL [restartedMain] alter table tags add constraint uk_tag_name unique (name)
2025-08-26 11:04:16,344 DEBUG o.h.SQL [restartedMain] alter table video_tags drop index uk_video_tag
2025-08-26 11:04:16,485 DEBUG o.h.SQL [restartedMain] alter table video_tags add constraint uk_video_tag unique (video_id, tag_id)
2025-08-26 11:04:16,637 DEBUG o.h.SQL [restartedMain] alter table video_tags add constraint FKqfnpe46owtsy6c6t5my7exjmq foreign key (tag_id) references tags (id)
2025-08-26 11:04:16,799 DEBUG o.h.SQL [restartedMain] alter table video_tags add constraint FKpr6ks7ia3ilx9ec2mmwb82lb6 foreign key (video_id) references videos (id)
2025-08-26 11:04:16,968 INFO o.s.o.j.LocalContainerEntityManagerFactoryBean [restartedMain] Initialized JPA EntityManagerFactory for persistence unit 'default'
2025-08-26 11:04:17,310 INFO o.s.d.j.r.q.QueryEnhancerFactory [restartedMain] Hibernate is in classpath; If applicable, HQL parser will be used.
2025-08-26 11:04:18,419 WARN o.s.b.a.o.j.JpaBaseConfiguration$JpaWebConfiguration [restartedMain] spring.jpa.open-in-view is enabled by default. Therefore, database queries may be performed during view rendering. Explicitly configure spring.jpa.open-in-view to disable this warning
2025-08-26 11:04:18,771 INFO o.s.b.a.e.w.EndpointLinksResolver [restartedMain] Exposing 1 endpoint beneath base path '/actuator'
2025-08-26 11:04:18,826 WARN o.s.b.a.s.s.UserDetailsServiceAutoConfiguration [restartedMain] 

Using generated security password: 8a66cfb5-dfd1-4994-90cc-71354cae4735

This generated password is for development use only. Your security configuration must be updated before running your application in production.

2025-08-26 11:04:18,835 INFO o.s.s.c.a.a.c.InitializeUserDetailsBeanManagerConfigurer$InitializeUserDetailsManagerConfigurer [restartedMain] Global AuthenticationManager configured with UserDetailsService bean with name inMemoryUserDetailsManager
2025-08-26 11:04:19,353 INFO o.s.b.d.a.OptionalLiveReloadServer [restartedMain] LiveReload server is running on port 35729
2025-08-26 11:04:19,399 INFO o.a.c.h.Http11NioProtocol [restartedMain] Starting ProtocolHandler ["http-nio-8080"]
2025-08-26 11:04:19,409 INFO o.s.b.w.e.t.TomcatWebServer [restartedMain] Tomcat started on port 8080 (http) with context path '/'
2025-08-26 11:04:19,421 INFO c.w.w.Application [restartedMain] Started Application in 10.928 seconds (process running for 11.596)
2025-08-26 11:04:19,493 INFO c.w.w.Application [restartedMain] SpringApplication.run() method has completed.
2025-08-26 11:04:38,454 INFO o.a.c.c.C.[.[.[/] [http-nio-8080-exec-2] Initializing Spring DispatcherServlet 'dispatcherServlet'
2025-08-26 11:04:38,454 INFO o.s.w.s.DispatcherServlet [http-nio-8080-exec-2] Initializing Servlet 'dispatcherServlet'
2025-08-26 11:04:38,456 INFO o.s.w.s.DispatcherServlet [http-nio-8080-exec-2] Completed initialization in 2 ms
2025-08-26 11:05:14,424 DEBUG o.h.SQL [http-nio-8080-exec-3] insert into videos (created_at,thumbnail_url,title,updated_at,users_id,version,video_url,videos_status,id) values (?,?,?,?,?,?,?,?,?)
2025-08-26 11:05:56,578 INFO o.s.b.w.e.t.GracefulShutdown [SpringApplicationShutdownHook] Commencing graceful shutdown. Waiting for active requests to complete
2025-08-26 11:05:56,583 INFO o.s.b.w.e.t.GracefulShutdown [tomcat-shutdown] Graceful shutdown complete
2025-08-26 11:05:56,609 INFO o.s.o.j.LocalContainerEntityManagerFactoryBean [SpringApplicationShutdownHook] Closing JPA EntityManagerFactory for persistence unit 'default'
2025-08-26 11:05:56,613 INFO c.z.h.HikariDataSource [SpringApplicationShutdownHook] HikariPool-1 - Shutdown initiated...
2025-08-26 11:05:56,727 INFO c.z.h.HikariDataSource [SpringApplicationShutdownHook] HikariPool-1 - Shutdown completed.
